// Jest Snapshot v1, https://goo.gl/fbAQLP

exports[`correctly rendered text component 1`] = `
<div
  className="pomodoro-instructions"
>
  <p>
    1. DECIDE ON A TASK
  </p>
  <p>
    2. START THE POMODORO TIMER
  </p>
  <p>
    3. WORK ON THE TASK FOR 
     MINUTES
  </p>
  <p>
    4. WHEN TIMER RINGS, PAUSE WORK AND TAKE A 
     MINUTE BREAK
  </p>
  <p>
    5. REPEAT!
  </p>
</div>
`;
